// Jest Snapshot v1, https://goo.gl/fbAQLP

exports[`App js testing Renders App 1`] = `
Object {
  "asFragment": [Function],
  "baseElement": <body>
    <div>
      <nav
        class="navigation-bar"
      >
        <a
          class="home-link"
          href="/"
        >
          <span
            class="home-navlink"
          >
            HOME
          </span>
        </a>
        <a
          class="home-link"
          href="/"
        >
          <img
            alt="league-logo"
            class="nav-logo"
            src="/media/logo.png"
          />
        </a>
      </nav>
      <main>
        <div
          class="home-container"
        >
          <div
            class="champion-section"
          >
            <div
              class="champion-filters"
            >
              <div
                class="name-filter"
              >
                <form
                  class="search-box"
                >
                  <input
                    placeholder=" "
                    type="text"
                    value=""
                  />
                  <button
                    aria-label="clear search"
                    type="button"
                  />
                </form>
              </div>
              <div
                class="role-filter"
              >
                <label
                  class="select"
                  for="slct-role"
                >
                  <select
                    id="slct-role"
                    required=""
                  >
                    <option
                      value=""
                    >
                      Filter by role...
                    </option>
                     
                    <option
                      value="Mage"
                    >
                      Mage
                    </option>
                    <option
                      value="Tank"
                    >
                      Tank
                    </option>
                    <option
                      value="Support"
                    >
                      Support
                    </option>
                    <option
                      value="Assassin"
                    >
                      Assassin
                    </option>
                    <option
                      value="Fighter"
                    >
                      Fighter
                    </option>
                    <option
                      value="Marksman"
                    >
                      Marksman
                    </option>
                  </select>
                  <svg
                    class="sprites"
                  >
                    <polyline
                      points="1 1 5 5 9 1"
                    />
                  </svg>
                </label>
              </div>
              <div
                class="difficulty-filter"
              >
                <label
                  class="select"
                  for="slct-difficulty"
                  value=""
                >
                  <select
                    id="slct-difficulty"
                    required=""
                  >
                    <option
                      value=""
                    >
                      Filter by difficulty...
                    </option>
                    <option
                      value="Low"
                    >
                      Low
                    </option>
                    <option
                      value="Moderate"
                    >
                      Moderate
                    </option>
                    <option
                      value="High"
                    >
                      High
                    </option>
                  </select>
                  <svg
                    class="sprites"
                  >
                    <polyline
                      points="1 1 5 5 9 1"
                    />
                  </svg>
                </label>
              </div>
            </div>
            <div
              class="champion-grid"
            />
          </div>
        </div>
      </main>
    </div>
  </body>,
  "container": <div>
    <nav
      class="navigation-bar"
    >
      <a
        class="home-link"
        href="/"
      >
        <span
          class="home-navlink"
        >
          HOME
        </span>
      </a>
      <a
        class="home-link"
        href="/"
      >
        <img
          alt="league-logo"
          class="nav-logo"
          src="/media/logo.png"
        />
      </a>
    </nav>
    <main>
      <div
        class="home-container"
      >
        <div
          class="champion-section"
        >
          <div
            class="champion-filters"
          >
            <div
              class="name-filter"
            >
              <form
                class="search-box"
              >
                <input
                  placeholder=" "
                  type="text"
                  value=""
                />
                <button
                  aria-label="clear search"
                  type="button"
                />
              </form>
            </div>
            <div
              class="role-filter"
            >
              <label
                class="select"
                for="slct-role"
              >
                <select
                  id="slct-role"
                  required=""
                >
                  <option
                    value=""
                  >
                    Filter by role...
                  </option>
                   
                  <option
                    value="Mage"
                  >
                    Mage
                  </option>
                  <option
                    value="Tank"
                  >
                    Tank
                  </option>
                  <option
                    value="Support"
                  >
                    Support
                  </option>
                  <option
                    value="Assassin"
                  >
                    Assassin
                  </option>
                  <option
                    value="Fighter"
                  >
                    Fighter
                  </option>
                  <option
                    value="Marksman"
                  >
                    Marksman
                  </option>
                </select>
                <svg
                  class="sprites"
                >
                  <polyline
                    points="1 1 5 5 9 1"
                  />
                </svg>
              </label>
            </div>
            <div
              class="difficulty-filter"
            >
              <label
                class="select"
                for="slct-difficulty"
                value=""
              >
                <select
                  id="slct-difficulty"
                  required=""
                >
                  <option
                    value=""
                  >
                    Filter by difficulty...
                  </option>
                  <option
                    value="Low"
                  >
                    Low
                  </option>
                  <option
                    value="Moderate"
                  >
                    Moderate
                  </option>
                  <option
                    value="High"
                  >
                    High
                  </option>
                </select>
                <svg
                  class="sprites"
                >
                  <polyline
                    points="1 1 5 5 9 1"
                  />
                </svg>
              </label>
            </div>
          </div>
          <div
            class="champion-grid"
          />
        </div>
      </div>
    </main>
  </div>,
  "debug": [Function],
  "findAllByAltText": [Function],
  "findAllByDisplayValue": [Function],
  "findAllByLabelText": [Function],
  "findAllByPlaceholderText": [Function],
  "findAllByRole": [Function],
  "findAllByTestId": [Function],
  "findAllByText": [Function],
  "findAllByTitle": [Function],
  "findByAltText": [Function],
  "findByDisplayValue": [Function],
  "findByLabelText": [Function],
  "findByPlaceholderText": [Function],
  "findByRole": [Function],
  "findByTestId": [Function],
  "findByText": [Function],
  "findByTitle": [Function],
  "getAllByAltText": [Function],
  "getAllByDisplayValue": [Function],
  "getAllByLabelText": [Function],
  "getAllByPlaceholderText": [Function],
  "getAllByRole": [Function],
  "getAllByTestId": [Function],
  "getAllByText": [Function],
  "getAllByTitle": [Function],
  "getByAltText": [Function],
  "getByDisplayValue": [Function],
  "getByLabelText": [Function],
  "getByPlaceholderText": [Function],
  "getByRole": [Function],
  "getByTestId": [Function],
  "getByText": [Function],
  "getByTitle": [Function],
  "queryAllByAltText": [Function],
  "queryAllByDisplayValue": [Function],
  "queryAllByLabelText": [Function],
  "queryAllByPlaceholderText": [Function],
  "queryAllByRole": [Function],
  "queryAllByTestId": [Function],
  "queryAllByText": [Function],
  "queryAllByTitle": [Function],
  "queryByAltText": [Function],
  "queryByDisplayValue": [Function],
  "queryByLabelText": [Function],
  "queryByPlaceholderText": [Function],
  "queryByRole": [Function],
  "queryByTestId": [Function],
  "queryByText": [Function],
  "queryByTitle": [Function],
  "rerender": [Function],
  "unmount": [Function],
}
`;
